
> acuarionexo@0.2.0 check
> npm run docs:refresh && node scripts/validate-app.mjs


> acuarionexo@0.2.0 docs:refresh
> node scripts/refresh-project-docs.mjs

MAPA_ARCHIVOS.md y ARBOL_MAESTRO.md regenerados para ficha-scientific-identity-20260713-1605
AcuarioNexo validation OK

> acuarionexo@0.2.0 mobile:prepare
> npm run docs:refresh && node scripts/prepare-mobile-bundle.mjs


> acuarionexo@0.2.0 docs:refresh
> node scripts/refresh-project-docs.mjs

MAPA_ARCHIVOS.md y ARBOL_MAESTRO.md regenerados para ficha-scientific-identity-20260713-1605
AcuarioNexo mobile bundle ready: 84 active files copied to www/

> acuarionexo@0.2.0 mobile:check
> node scripts/validate-mobile-bundle.mjs

AcuarioNexo mobile bundle validation OK
✔ Adding native Xcode project in ios in 30.79ms
✔ add in 31.22ms
✔ Copying web assets from www to ios/App/App/public in 23.53ms
✔ Creating capacitor.config.json in ios/App/App in 746.96μs
✔ copy ios in 33.60ms
✔ Updating iOS plugins in 858.67μs
[info] All Capacitor plugins have a Package.swift file and will be included in Package.swift
[info] Writing Package.swift
[info] Found 3 Capacitor plugins for ios:
       @capacitor/app@8.1.0
       @capacitor/preferences@8.0.1
       @capacitor/push-notifications@8.1.1
✔ update ios in 27.57ms
[success] ios platform added!
Follow the Developer Workflow guide to get building:
https://capacitorjs.com/docs/basics/workflow
npm warn deprecated prebuild-install@7.1.3: No longer maintained. Please contact the author of the relevant native addon; alternatives are available.
npm warn deprecated git-raw-commits@2.0.11: Deprecated and no longer maintained. Use @conventional-changelog/git-client instead.
npm warn deprecated q@1.5.1: You or someone you depend on is using Q, the JavaScript Promise library that gave JavaScript developers strong feelings about promises. They can almost certainly migrate to the native JavaScript promise now. Thank you literally everyone for joining me in this bet against the odds. Be excellent to each other.
npm warn deprecated
npm warn deprecated (For a CapTP with native promises, see @endo/eventual-send and @endo/captp)
npm warn deprecated git-semver-tags@4.1.1: Deprecated and no longer maintained. Use @conventional-changelog/git-client instead.
npm warn deprecated conventional-changelog-core@4.2.4: Deprecated and no longer maintained. Please use conventional-changelog instead.
npm warn deprecated conventional-changelog-eslint@3.0.9: This preset is deprecated. Please use conventional-changelog-conventionalcommits or conventional-changelog-angular instead.
npm warn deprecated conventional-changelog-codemirror@2.0.8: This preset is deprecated. Please use conventional-changelog-conventionalcommits or conventional-changelog-angular instead.
npm warn deprecated conventional-changelog-ember@2.0.9: This preset is deprecated. Please use conventional-changelog-conventionalcommits or conventional-changelog-angular instead.
npm warn deprecated conventional-changelog-atom@2.0.8: This preset is deprecated. Please use conventional-changelog-conventionalcommits or conventional-changelog-angular instead.
npm warn deprecated conventional-changelog-express@2.0.6: This preset is deprecated. Please use conventional-changelog-conventionalcommits or conventional-changelog-angular instead.
npm warn deprecated conventional-changelog-jshint@2.0.9: This preset is deprecated. Please use conventional-changelog-conventionalcommits or conventional-changelog-angular instead.
npm warn deprecated conventional-changelog-jquery@3.0.11: This preset is deprecated. Please use conventional-changelog-conventionalcommits or conventional-changelog-angular instead.
npm warn deprecated tar@6.2.1: Old versions of tar are not supported, and contain widely publicized security vulnerabilities, which have been fixed in the current version. Please update. Support for old versions may be purchased (at exorbitant rates) by contacting i@izs.me
npm warn deprecated uuid@7.0.3: uuid@10 and below is no longer supported.  For ESM codebases, update to uuid@latest.  For CommonJS codebases, use uuid@11 (but be aware this version will likely be deprecated in 2028).
npm warn deprecated glob@9.3.5: Old versions of glob are not supported, and contain widely publicized security vulnerabilities, which have been fixed in the current version. Please update. Support for old versions may be purchased (at exorbitant rates) by contacting i@izs.me
Asset directory not found at /Users/runner/work/acuarionexo/acuarionexo. Use --asset-path to specify a specific directory containing assets
✔ Copying web assets from www to ios/App/App/public in 59.78ms
✔ Creating capacitor.config.json in ios/App/App in 1.41ms
✔ copy ios in 76.87ms
✔ Updating iOS plugins in 471.96μs
[info] All Capacitor plugins have a Package.swift file and will be included in Package.swift
[info] Writing Package.swift
[info] Found 3 Capacitor plugins for ios:
       @capacitor/app@8.1.0
       @capacitor/preferences@8.0.1
       @capacitor/push-notifications@8.1.1
✔ update ios in 26.04ms
[info] Sync finished in 0.128s
